[08-Dec-2025 22:24:31 Europe/Berlin] PHP Fatal error:  Uncaught ArgumentCountError: The number of elements in the type definition string must match the number of bind variables in D:\DoAn\htdocs\school-management-system\admin_panel\event_handler.php:244
Stack trace:
#0 D:\DoAn\htdocs\school-management-system\admin_panel\event_handler.php(244): mysqli_stmt_bind_param(Object(mysqli_stmt), 'sssssssidsssii', '000001', 'Chi\xE1\xBA\xBFn d\xE1\xBB\x8Bch ...', 'Mang h\xC6\xA1i \xE1\xBA\xA5m ...', '\xC4\x90\xE1\xBA\xAFk N\xC3\xB4ng', '2024-12-15', '07:00:00', '2025-12-18 03:3...', 50, 100.0, 'lunch', '2025-12-13 03:3...', 'event_176522596...', 'draft', 4, 'A9876543210')
#1 {main}
  thrown in D:\DoAn\htdocs\school-management-system\admin_panel\event_handler.php on line 244
[08-Dec-2025 22:26:21 Europe/Berlin] PHP Fatal error:  Uncaught ArgumentCountError: The number of elements in the type definition string must match the number of bind variables in D:\DoAn\htdocs\school-management-system\admin_panel\event_handler.php:244
Stack trace:
#0 D:\DoAn\htdocs\school-management-system\admin_panel\event_handler.php(244): mysqli_stmt_bind_param(Object(mysqli_stmt), 'sssssssidsssii', '000001', 'Chi\xE1\xBA\xBFn d\xE1\xBB\x8Bch ...', 'Mang h\xC6\xA1i \xE1\xBA\xA5m ...', '\xC4\x90\xE1\xBA\xAFk N\xC3\xB4ng', '2024-12-15', '07:00:00', '2025-12-18 03:3...', 50, 100.0, 'lunch', '2025-12-13 03:3...', 'event_176522596...', 'draft', 4, 'A9876543210')
#1 {main}
  thrown in D:\DoAn\htdocs\school-management-system\admin_panel\event_handler.php on line 244
[08-Dec-2025 22:27:07 Europe/Berlin] PHP Fatal error:  Uncaught ArgumentCountError: The number of elements in the type definition string must match the number of bind variables in D:\DoAn\htdocs\school-management-system\admin_panel\event_handler.php:244
Stack trace:
#0 D:\DoAn\htdocs\school-management-system\admin_panel\event_handler.php(244): mysqli_stmt_bind_param(Object(mysqli_stmt), 'sssssssidsssii', '000001', 'Chi\xE1\xBA\xBFn d\xE1\xBB\x8Bch ...', 'Mang h\xC6\xA1i \xE1\xBA\xA5m ...', '\xC4\x90\xE1\xBA\xAFk N\xC3\xB4ng', '2024-12-15', '07:00:00', '2025-12-18 03:3...', 50, 100.0, 'lunch', '2025-12-13 03:3...', 'event_176522596...', 'draft', 4, 'A9876543210')
#1 {main}
  thrown in D:\DoAn\htdocs\school-management-system\admin_panel\event_handler.php on line 244
[08-Dec-2025 22:37:07 Europe/Berlin] PHP Fatal error:  Uncaught ArgumentCountError: The number of elements in the type definition string must match the number of bind variables in D:\DoAn\htdocs\school-management-system\admin_panel\event_handler.php:244
Stack trace:
#0 D:\DoAn\htdocs\school-management-system\admin_panel\event_handler.php(244): mysqli_stmt_bind_param(Object(mysqli_stmt), 'sssssssidsssii', '000001', 'M\xC3\xB9a H\xC3\xA8 Xanh 2...', 'Chi\xE1\xBA\xBFn d\xE1\xBB\x8Bch ...', 'B\xC3\xACnh Ch\xC3\xA1nh, T...', '2024-12-20', '06:30:00', '2025-12-22 04:3...', 80, 100.0, 'lunch', '2025-12-18 04:3...', 'event_176522982...', 'draft', 5, 'A9876543210')
#1 {main}
  thrown in D:\DoAn\htdocs\school-management-system\admin_panel\event_handler.php on line 244
[08-Dec-2025 22:37:14 Europe/Berlin] PHP Fatal error:  Uncaught ArgumentCountError: The number of elements in the type definition string must match the number of bind variables in D:\DoAn\htdocs\school-management-system\admin_panel\event_handler.php:244
Stack trace:
#0 D:\DoAn\htdocs\school-management-system\admin_panel\event_handler.php(244): mysqli_stmt_bind_param(Object(mysqli_stmt), 'sssssssidsssii', '000001', 'M\xC3\xB9a H\xC3\xA8 Xanh 2...', 'Chi\xE1\xBA\xBFn d\xE1\xBB\x8Bch ...', 'B\xC3\xACnh Ch\xC3\xA1nh, T...', '2024-12-20', '06:30:00', '2025-12-22 04:3...', 80, 100.0, 'lunch', '2025-12-18 04:3...', 'event_176522983...', 'draft', 5, 'A9876543210')
#1 {main}
  thrown in D:\DoAn\htdocs\school-management-system\admin_panel\event_handler.php on line 244
[08-Dec-2025 22:46:32 Europe/Berlin] PHP Fatal error:  Uncaught ArgumentCountError: The number of elements in the type definition string must match the number of bind variables in D:\DoAn\htdocs\school-management-system\admin_panel\event_handler.php:244
Stack trace:
#0 D:\DoAn\htdocs\school-management-system\admin_panel\event_handler.php(244): mysqli_stmt_bind_param(Object(mysqli_stmt), 'sssssssidsssii', '000001', 'M\xC3\xB9a H\xC3\xA8 Xanh 2...', 'Chi\xE1\xBA\xBFn d\xE1\xBB\x8Bch ...', 'B\xC3\xACnh Ch\xC3\xA1nh, T...', '2024-12-20', '06:30:00', '2025-12-22 04:3...', 80, 100.0, 'lunch', '2025-12-18 04:3...', 'event_176523039...', 'draft', 5, 'A9876543210')
#1 {main}
  thrown in D:\DoAn\htdocs\school-management-system\admin_panel\event_handler.php on line 244
[08-Dec-2025 23:12:30 Europe/Berlin] PHP Fatal error:  Uncaught ArgumentCountError: The number of elements in the type definition string must match the number of bind variables in D:\DoAn\htdocs\school-management-system\admin_panel\event_handler.php:244
Stack trace:
#0 D:\DoAn\htdocs\school-management-system\admin_panel\event_handler.php(244): mysqli_stmt_bind_param(Object(mysqli_stmt), 'ssssssidsssii', '000001', 'Chi\xE1\xBA\xBFn d\xE1\xBB\x8Bch ...', 'Mang h\xC6\xA1i \xE1\xBA\xA5m ...', '\xC4\x90\xE1\xBA\xAFk N\xC3\xB4ng', '2024-12-15', '07:00:00', '2025-12-18 03:3...', 50, 100.0, 'lunch', '2025-12-13 03:3...', 'event_176522596...', 'draft', 4, 'A9876543210')
#1 {main}
  thrown in D:\DoAn\htdocs\school-management-system\admin_panel\event_handler.php on line 244
[08-Dec-2025 23:12:36 Europe/Berlin] PHP Fatal error:  Uncaught ArgumentCountError: The number of elements in the type definition string must match the number of bind variables in D:\DoAn\htdocs\school-management-system\admin_panel\event_handler.php:244
Stack trace:
#0 D:\DoAn\htdocs\school-management-system\admin_panel\event_handler.php(244): mysqli_stmt_bind_param(Object(mysqli_stmt), 'ssssssidsssii', '000001', 'Chi\xE1\xBA\xBFn d\xE1\xBB\x8Bch ...', 'Mang h\xC6\xA1i \xE1\xBA\xA5m ...', '\xC4\x90\xE1\xBA\xAFk N\xC3\xB4ng', '2024-12-15', '07:00:00', '2025-12-18 03:3...', 50, 100.0, 'lunch', '2025-12-13 03:3...', 'event_176522596...', 'draft', 4, 'A9876543210')
#1 {main}
  thrown in D:\DoAn\htdocs\school-management-system\admin_panel\event_handler.php on line 244
[08-Dec-2025 23:14:10 Europe/Berlin] PHP Fatal error:  Uncaught ArgumentCountError: The number of elements in the type definition string must match the number of bind variables in D:\DoAn\htdocs\school-management-system\admin_panel\event_handler.php:244
Stack trace:
#0 D:\DoAn\htdocs\school-management-system\admin_panel\event_handler.php(244): mysqli_stmt_bind_param(Object(mysqli_stmt), 'ssssssidsssii', '000001', 'Chi\xE1\xBA\xBFn d\xE1\xBB\x8Bch ...', 'Mang h\xC6\xA1i \xE1\xBA\xA5m ...', '\xC4\x90\xE1\xBA\xAFk N\xC3\xB4ng', '2024-12-15', '07:00:00', '2025-12-18 03:3...', 50, 100.0, 'lunch', '2025-12-13 03:3...', 'event_176522596...', 'draft', 4, 'A9876543210')
#1 {main}
  thrown in D:\DoAn\htdocs\school-management-system\admin_panel\event_handler.php on line 244
